// Jest Snapshot v1, https://goo.gl/fbAQLP

exports[`Modal matches the snapshot 1`] = `
<div class="modal-backdrop" name="modal-fade">
  <div role="dialog" aria-labelledby="modalTitle" aria-describedby="modalDescription" class="modal-content">
    <header class="modal-header">
      <h2 id="modalTitle">
        Dialog
        <button type="button" aria-label="Lukk modal" tabindex="0" autofocus="autofocus" class="btn-close pull-right">x</button></h2>
    </header>
    <section id="modalDescription" class="modal-body"></section>
    <footer class="modal-footer"><button type="button" role="button" tabindex="0" aria-label="Bekreft modal" class="btn ok-btn ok-btn-success">
        Ja
      </button> <button type="button" role="button" tabindex="0" aria-label="Lukk modal" class="btn ok-btn ok-btn-primary">
        Nei
      </button></footer>
  </div>
</div>
`;
